2021-01-03:
2021-01-03:
Run Ended
